d:\documents\programming\fpga\de10nano-c\tru_usb\tru_usb_hostapp_c++\hid_cus_libusb\libusb-1.0.30\build\v143\win32\release\libusb_static\descriptor.obj
d:\documents\programming\fpga\de10nano-c\tru_usb\tru_usb_hostapp_c++\hid_cus_libusb\libusb-1.0.30\build\v143\win32\release\libusb_static\threads_windows.obj
d:\documents\programming\fpga\de10nano-c\tru_usb\tru_usb_hostapp_c++\hid_cus_libusb\libusb-1.0.30\build\v143\win32\release\libusb_static\hotplug.obj
d:\documents\programming\fpga\de10nano-c\tru_usb\tru_usb_hostapp_c++\hid_cus_libusb\libusb-1.0.30\build\v143\win32\release\libusb_static\io.obj
d:\documents\programming\fpga\de10nano-c\tru_usb\tru_usb_hostapp_c++\hid_cus_libusb\libusb-1.0.30\build\v143\win32\release\libusb_static\windows_winusb.obj
d:\documents\programming\fpga\de10nano-c\tru_usb\tru_usb_hostapp_c++\hid_cus_libusb\libusb-1.0.30\build\v143\win32\release\libusb_static\strerror.obj
d:\documents\programming\fpga\de10nano-c\tru_usb\tru_usb_hostapp_c++\hid_cus_libusb\libusb-1.0.30\build\v143\win32\release\libusb_static\windows_common.obj
d:\documents\programming\fpga\de10nano-c\tru_usb\tru_usb_hostapp_c++\hid_cus_libusb\libusb-1.0.30\build\v143\win32\release\libusb_static\events_windows.obj
d:\documents\programming\fpga\de10nano-c\tru_usb\tru_usb_hostapp_c++\hid_cus_libusb\libusb-1.0.30\build\v143\win32\release\libusb_static\sync.obj
d:\documents\programming\fpga\de10nano-c\tru_usb\tru_usb_hostapp_c++\hid_cus_libusb\libusb-1.0.30\build\v143\win32\release\libusb_static\windows_usbdk.obj
d:\documents\programming\fpga\de10nano-c\tru_usb\tru_usb_hostapp_c++\hid_cus_libusb\libusb-1.0.30\build\v143\win32\release\libusb_static\core.obj
d:\documents\programming\fpga\de10nano-c\tru_usb\tru_usb_hostapp_c++\hid_cus_libusb\libusb-1.0.30\build\v143\win32\release\lib\libusb-1.0.pdb
d:\documents\programming\fpga\de10nano-c\tru_usb\tru_usb_hostapp_c++\hid_cus_libusb\libusb-1.0.30\build\v143\win32\release\lib\libusb-1.0.lib
d:\documents\programming\fpga\de10nano-c\tru_usb\tru_usb_hostapp_c++\msos_winusb\libusb-1.0.30\build\v143\win32\release\libusb_static\core.obj
d:\documents\programming\fpga\de10nano-c\tru_usb\tru_usb_hostapp_c++\msos_winusb\libusb-1.0.30\build\v143\win32\release\libusb_static\descriptor.obj
d:\documents\programming\fpga\de10nano-c\tru_usb\tru_usb_hostapp_c++\msos_winusb\libusb-1.0.30\build\v143\win32\release\libusb_static\events_windows.obj
d:\documents\programming\fpga\de10nano-c\tru_usb\tru_usb_hostapp_c++\msos_winusb\libusb-1.0.30\build\v143\win32\release\libusb_static\hotplug.obj
d:\documents\programming\fpga\de10nano-c\tru_usb\tru_usb_hostapp_c++\msos_winusb\libusb-1.0.30\build\v143\win32\release\libusb_static\io.obj
d:\documents\programming\fpga\de10nano-c\tru_usb\tru_usb_hostapp_c++\msos_winusb\libusb-1.0.30\build\v143\win32\release\libusb_static\strerror.obj
d:\documents\programming\fpga\de10nano-c\tru_usb\tru_usb_hostapp_c++\msos_winusb\libusb-1.0.30\build\v143\win32\release\libusb_static\sync.obj
d:\documents\programming\fpga\de10nano-c\tru_usb\tru_usb_hostapp_c++\msos_winusb\libusb-1.0.30\build\v143\win32\release\libusb_static\threads_windows.obj
d:\documents\programming\fpga\de10nano-c\tru_usb\tru_usb_hostapp_c++\msos_winusb\libusb-1.0.30\build\v143\win32\release\libusb_static\windows_common.obj
d:\documents\programming\fpga\de10nano-c\tru_usb\tru_usb_hostapp_c++\msos_winusb\libusb-1.0.30\build\v143\win32\release\libusb_static\windows_usbdk.obj
d:\documents\programming\fpga\de10nano-c\tru_usb\tru_usb_hostapp_c++\msos_winusb\libusb-1.0.30\build\v143\win32\release\libusb_static\windows_winusb.obj
d:\documents\programming\fpga\de10nano-c\tru_usb\tru_usb_hostapp_c++\msos_winusb\libusb-1.0.30\build\v143\win32\release\libusb_static\..\lib\libusb-1.0.pdb
d:\documents\programming\fpga\de10nano-c\tru_usb\tru_usb_hostapp_c++\msos_winusb\libusb-1.0.30\build\v143\win32\release\lib\libusb-1.0.lib
d:\documents\programming\fpga\de10nano-c\tru_usb\tru_usb_hostapp_c++\msos_winusb\libusb-1.0.30\build\v143\win32\release\libusb_static\libusb_static.vcxproj.filelistabsolute.txt
d:\documents\programming\fpga\de10nano-c\tru_usb\tru_usb_hostapp_c++\msos_winusb\libusb-1.0.30\build\v143\win32\release\libusb_static\libusb_static.tlog\cl.11348.write.1.tlog
d:\documents\programming\fpga\de10nano-c\tru_usb\tru_usb_hostapp_c++\msos_winusb\libusb-1.0.30\build\v143\win32\release\libusb_static\libusb_static.tlog\cl.command.1.tlog
d:\documents\programming\fpga\de10nano-c\tru_usb\tru_usb_hostapp_c++\msos_winusb\libusb-1.0.30\build\v143\win32\release\libusb_static\libusb_static.tlog\cl.items.tlog
d:\documents\programming\fpga\de10nano-c\tru_usb\tru_usb_hostapp_c++\msos_winusb\libusb-1.0.30\build\v143\win32\release\libusb_static\libusb_static.tlog\cl.read.1.tlog
d:\documents\programming\fpga\de10nano-c\tru_usb\tru_usb_hostapp_c++\msos_winusb\libusb-1.0.30\build\v143\win32\release\libusb_static\libusb_static.tlog\lib-link.read.1.tlog
d:\documents\programming\fpga\de10nano-c\tru_usb\tru_usb_hostapp_c++\msos_winusb\libusb-1.0.30\build\v143\win32\release\libusb_static\libusb_static.tlog\lib-link.write.1.tlog
d:\documents\programming\fpga\de10nano-c\tru_usb\tru_usb_hostapp_c++\msos_winusb\libusb-1.0.30\build\v143\win32\release\libusb_static\libusb_static.tlog\lib.command.1.tlog
